com.hedera.hashgraph.sdk.MirrorNodeServiceEndpointTest.fromProtobufWithDomain=[
  "MirrorNodeServiceEndpoint{ipAddress=null, domainName=test.mirror.com, port=443, requiresTls=true}"
]


com.hedera.hashgraph.sdk.MirrorNodeServiceEndpointTest.fromProtobufWithIp=[
  "MirrorNodeServiceEndpoint{ipAddress=[1, 2, 3, 4], domainName=null, port=443, requiresTls=true}"
]


com.hedera.hashgraph.sdk.MirrorNodeServiceEndpointTest.toProtobufWithDomain=[
  "# com.hedera.hashgraph.sdk.proto.RegisteredServiceEndpoint@14147303\ndomain_name: \"test.mirror.com\"\nport: 443\nrequires_tls: true"
]


com.hedera.hashgraph.sdk.MirrorNodeServiceEndpointTest.toProtobufWithIp=[
  "# com.hedera.hashgraph.sdk.proto.RegisteredServiceEndpoint@26cccebb\nip_address: \"\\001\\002\\003\\004\"\nport: 443\nrequires_tls: true"
]